// Jest Snapshot v1, https://goo.gl/fbAQLP

exports[`snapshots matches LogIn snapshot 1`] = `
<div
  className="login_container"
  data-testid="login-cont"
>
  <div
    className="form_container container"
  >
    <h3
      className="form_title"
    >
      Log In
    </h3>
    <span
      className="error_message"
    />
    <form
      className=""
      onSubmit={[Function]}
    >
      <div
        className="mb-3"
      >
        <label
          className="form-label"
          htmlFor="formBasicEmail"
        >
          Email address
        </label>
        <span>
          *
        </span>
        <input
          className="form-control"
          id="formBasicEmail"
          onChange={[Function]}
          placeholder="Enter email"
          required={true}
          type="email"
        />
      </div>
      <div
        className="mb-3"
      >
        <label
          className="form-label"
          htmlFor="formBasicPassword"
        >
          Password
        </label>
        <span>
          *
        </span>
        <input
          className="form-control"
          id="formBasicPassword"
          onChange={[Function]}
          placeholder="Password"
          required={true}
          type="password"
        />
      </div>
      <button
        className="submit_btn btn btn-primary"
        disabled={false}
        type="submit"
      >
        Log In
      </button>
    </form>
  </div>
</div>
`;

exports[`snapshots matches snapshot 1`] = `
<div
  className="login_container"
  data-testid="login-cont"
>
  <div
    className="form_container container"
  >
    <h3
      className="form_title"
    >
      Log In
    </h3>
    <span
      className="error_message"
    />
    <form
      className=""
      onSubmit={[Function]}
    >
      <div
        className="mb-3"
      >
        <label
          className="form-label"
          htmlFor="formBasicEmail"
        >
          Email address
        </label>
        <span>
          *
        </span>
        <input
          className="form-control"
          id="formBasicEmail"
          onChange={[Function]}
          placeholder="Enter email"
          required={true}
          type="email"
        />
      </div>
      <div
        className="mb-3"
      >
        <label
          className="form-label"
          htmlFor="formBasicPassword"
        >
          Password
        </label>
        <span>
          *
        </span>
        <input
          className="form-control"
          id="formBasicPassword"
          onChange={[Function]}
          placeholder="Password"
          required={true}
          type="password"
        />
      </div>
      <button
        className="submit_btn btn btn-primary"
        disabled={false}
        type="submit"
      >
        Log In
      </button>
    </form>
  </div>
</div>
`;
