// Jest Snapshot v1, https://goo.gl/fbAQLP

exports[`AddResort Snapshot renders correctly 1`] = `
<form
  className="form"
  data-testid="form"
  onSubmit={[Function]}
>
  <input
    name="name"
    placeholder="Name"
    required={true}
    type="text"
  />
  <input
    name="country"
    placeholder="Country"
    required={true}
    type="text"
  />
  <input
    name="city"
    placeholder="City"
    required={true}
    type="text"
  />
  <textarea
    col="50"
    name="description"
    placeholder="Resort description"
    required={true}
    row="50"
  />
  <input
    name="cost"
    placeholder="Cost"
    required={true}
    type="text"
  />
  <div
    className="file"
  >
    <span
      className="label"
    >
      Enter Resort Image URl:
    </span>
    <input
      className="image_input"
      name="image"
      required={true}
      type="url"
    />
  </div>
  <button
    className="button_resort_add"
    type="submit"
  >
    Update Resort
  </button>
</form>
`;
